#
# A fatal error has been detected by the Java Runtime Environment:
#
#  EXCEPTION_ACCESS_VIOLATION (0xc0000005) at pc=0x000002086bcd3af9, pid=6464, tid=21188
#
# JRE version: Java(TM) SE Runtime Environment (23.0.2+7) (build 23.0.2+7-58)
# Java VM: Java HotSpot(TM) 64-Bit Server VM (23.0.2+7-58, mixed mode, sharing, tiered, compressed oops, compressed class ptrs, g1 gc, windows-amd64)
# Problematic frame:
# C  [GTIII-OSD64.dll+0x3af9]
#
# No core dump will be written. Minidumps are not enabled by default on client versions of Windows
#
# If you would like to submit a bug report, please visit:
#   https://bugreport.java.com/bugreport/crash.jsp
#

---------------  S U M M A R Y ------------

Command Line: -Dfile.encoding=UTF-8 --module-path=S:\Projeto-Java\Login\build\classes br.com.login.view.LoginView

Host: 11th Gen Intel(R) Core(TM) i5-11400H @ 2.70GHz, 12 cores, 15G,  Windows 11 , 64 bit Build 26100 (10.0.26100.3624)
Time: Sat Mar 29 17:27:13 2025 Hora oficial do Brasil elapsed time: 9.569205 seconds (0d 0h 0m 9s)

---------------  T H R E A D  ---------------

Current thread (0x000002087f1cae10):  VMThread "VM Thread"          [id=21188, stack(0x0000002447100000,0x0000002447200000) (1024K)]

Stack: [0x0000002447100000,0x0000002447200000],  sp=0x00000024471fed30,  free space=1019k
Native frames: (J=compiled Java code, j=interpreted, Vv=VM code, C=native code)
C  [GTIII-OSD64.dll+0x3af9]  (no source info available)
C  [GTIII-OSD64.dll+0x4426]  (no source info available)
C  [GTIII-OSD64.dll+0x33e9b]  (no source info available)
C  [GTIII-OSD64.dll+0x36d10]  (no source info available)
C  [GTIII-OSD64.dll+0x2fbba]  (no source info available)
C  [GTIII-OSD64.dll+0x2fc47]  (no source info available)
C  [GTIII-OSD64.dll+0x301a7]  (no source info available)
C  [GTIII-OSD64.dll+0xd6cda]  (no source info available)
C  [ntdll.dll+0x38830]  (no source info available)
C  [ntdll.dll+0xb24f0]  (no source info available)
C  [ntdll.dll+0xb16b4]  (no source info available)
C  [KERNEL32.DLL+0x418ab]  (no source info available)
C  [ucrtbase.dll+0xa0093]  (no source info available)
V  [jvm.dll+0x6d9b3c]  (no source info available)
V  [jvm.dll+0x6d9670]  (no source info available)
V  [jvm.dll+0x3da724]  (no source info available)
V  [jvm.dll+0x886d50]  (no source info available)
V  [jvm.dll+0x888077]  (no source info available)
V  [jvm.dll+0x8885a8]  (no source info available)
V  [jvm.dll+0x888843]  (no source info available)
V  [jvm.dll+0x8254cb]  (no source info available)
V  [jvm.dll+0x6df345]  (no source info available)
C  [ucrtbase.dll+0x37b0]  (no source info available)
C  [KERNEL32.DLL+0x2e8d7]  (no source info available)
C  [ntdll.dll+0xb14fc]  (no source info available)


siginfo: EXCEPTION_ACCESS_VIOLATION (0xc0000005), reading address 0x00007ff81c85a2a0


Registers:
RAX=0x0000000000000000, RBX=0x0000020863cf09e0, RCX=0x0000000000000006, RDX=0x0000000000000000
RSP=0x00000024471fed30, RBP=0x0000000000000006, RSI=0x0000000000000000, RDI=0x00007ff81c85a2a0
R8 =0x00000024471feda0, R9 =0x0000000000000000, R10=0x0000000000000000, R11=0x00000024471fed30
R12=0x0000000000000001, R13=0x000000007ffe0385, R14=0x0000000000000005, R15=0x00000024471feda0
RIP=0x000002086bcd3af9, EFLAGS=0x0000000000010246


Register to memory mapping:

RAX=0x0 is null
RBX=0x0000020863cf09e0 points into unknown readable memory: 0x0000000000000001 | 01 00 00 00 00 00 00 00
RCX=0x0000000000000006 is an unknown value
RDX=0x0 is null
RSP=0x00000024471fed30 points into unknown readable memory: 0x000002086bcd0000 | 00 00 cd 6b 08 02 00 00
RBP=0x0000000000000006 is an unknown value
RSI=0x0 is null
RDI=0x00007ff81c85a2a0 is an unknown value
R8 =0x00000024471feda0 points into unknown readable memory: 0x0000000000000000 | 00 00 00 00 00 00 00 00
R9 =0x0 is null
R10=0x0 is null
R11=0x00000024471fed30 points into unknown readable memory: 0x000002086bcd0000 | 00 00 cd 6b 08 02 00 00
R12=0x0000000000000001 is an unknown value
R13=0x000000007ffe0385 points into unknown readable memory: 00 00 00
R14=0x0000000000000005 is an unknown value
R15=0x00000024471feda0 points into unknown readable memory: 0x0000000000000000 | 00 00 00 00 00 00 00 00

Top of Stack: (sp=0x00000024471fed30)
0x00000024471fed30:   000002086bcd0000 000002086bcd0000
0x00000024471fed40:   0000000000000002 000002086bcd3947
0x00000024471fed50:   0000000000000000 0000000000000000
0x00000024471fed60:   000002086bcd0000 000002086bcd0000
0x00000024471fed70:   0000000000000002 000002086bcd4426
0x00000024471fed80:   0000000000000001 0000000000000006
0x00000024471fed90:   00000024471ff3d0 0000000000000000
0x00000024471feda0:   0000000000000000 0000000000000000
0x00000024471fedb0:   0000000000000001 000002086bd03e9b
0x00000024471fedc0:   0000000000000001 000002086bcd0000
0x00000024471fedd0:   00000024471fed48 0000000000000000
0x00000024471fede0:   0000000000000001 000002086bd06d10
0x00000024471fedf0:   000000007ffe0385 00000000000052c4
0x00000024471fee00:   0000020873d613c4 0000000000001940
0x00000024471fee10:   0000000000001940 000002086bcffbba
0x00000024471fee20:   000002087abf0000 0000000000000000
0x00000024471fee30:   0000020864234a40 0000020863da5a20
0x00000024471fee40:   0000000000000000 000002086bcffc47
0x00000024471fee50:   0000000000000000 0000020864234a40
0x00000024471fee60:   00000024471fee50 0000000000000001
0x00000024471fee70:   00000024471ff3d0 000002086bd001a7
0x00000024471fee80:   0000020800000042 0000000000000000
0x00000024471fee90:   000002086bcd0000 0000000000000000
0x00000024471feea0:   000000007ffe0385 000000006bfe0000
0x00000024471feeb0:   0000000000000001 000000006bfff962
0x00000024471feec0:   0000000000000001 000002086bda6cda
0x00000024471feed0:   0000000000000001 000000007ffe0384
0x00000024471feee0:   0000000000000000 000000006bfffad5
0x00000024471feef0:   0000000000000001 0000000000000000
0x00000024471fef00:   0000000000000001 00000000000000bc
0x00000024471fef10:   0000000000000000 0000000000000001
0x00000024471fef20:   000002086bda6d78 00007ff8512d8830 

Instructions: (pc=0x000002086bcd3af9)
0x000002086bcd39f9:   07 08 c7 44 24 30 22 00 00 00 48 8b 43 08 48 89
0x000002086bcd3a09:   44 24 20 48 8b 43 18 48 83 c0 1e 48 89 44 24 28
0x000002086bcd3a19:   e8 82 0a 00 00 85 c0 75 07 b8 08 00 00 00 eb 60
0x000002086bcd3a29:   8b 54 24 34 48 8b 4b 08 85 d2 74 16 8b 41 fb 89
0x000002086bcd3a39:   43 20 0f b7 41 ff 66 89 43 24 8a 41 01 88 43 26
0x000002086bcd3a49:   eb 0b 8b 01 89 43 20 8a 41 04 88 43 24 8a 43 28
0x000002086bcd3a59:   80 e2 01 8b 4b 2c 24 fe 0a c2 83 e1 f0 88 43 28
0x000002086bcd3a69:   8b 44 24 38 83 e0 0f 0b c8 48 8b 44 24 3c 48 89
0x000002086bcd3a79:   43 30 48 8b 44 24 44 48 89 43 38 33 c0 89 4b 2c
0x000002086bcd3a89:   48 8b 4c 24 50 48 33 cc e8 da 22 0d 00 48 83 c4
0x000002086bcd3a99:   60 5b c3 48 89 5c 24 10 48 89 6c 24 18 48 89 74
0x000002086bcd3aa9:   24 20 57 41 56 41 57 48 83 ec 30 8b d9 4d 8b f8
0x000002086bcd3ab9:   48 c1 e3 06 8b f2 48 03 1d 9a 92 07 08 8b e9 48
0x000002086bcd3ac9:   8b 7b 08 85 d2 74 0f 8b cd e8 fd fe ff ff 85 c0
0x000002086bcd3ad9:   0f 85 11 01 00 00 8a 43 28 24 01 74 04 48 83 c7
0x000002086bcd3ae9:   fb 0f b6 c0 4c 8d 34 45 05 00 00 00 85 f6 75 35
0x000002086bcd3af9:   80 3f e9 75 30 4c 63 57 01 49 83 c2 f5 4c 03 d7
0x000002086bcd3b09:   4c 39 53 18 74 1f 48 8b 53 08 4c 8d 0d 82 ff ff
0x000002086bcd3b19:   ff 49 8b 4a 08 44 8b c5 4c 89 7c 24 20 41 ff 12
0x000002086bcd3b29:   e9 c2 00 00 00 4c 8d 4c 24 50 41 b8 40 00 00 00
0x000002086bcd3b39:   49 8b d6 48 8b cf ff 15 43 48 10 00 85 c0 75 0a
0x000002086bcd3b49:   b8 0a 00 00 00 e9 9d 00 00 00 85 f6 74 1f c6 07
0x000002086bcd3b59:   e9 8b 43 18 2b c7 83 c0 0b 89 47 01 f6 43 28 01
0x000002086bcd3b69:   74 2c 48 8b 43 08 66 c7 00 eb f9 eb 21 8b 43 20
0x000002086bcd3b79:   f6 43 28 01 89 07 74 10 0f b7 43 24 66 89 47 04
0x000002086bcd3b89:   8a 43 26 88 47 06 eb 06 8a 43 24 88 47 04 44 8b
0x000002086bcd3b99:   44 24 50 4c 8d 4c 24 50 49 8b d6 48 8b cf ff 15
0x000002086bcd3ba9:   db 47 10 00 ff 15 a5 45 10 00 4d 8b c6 48 8b d7
0x000002086bcd3bb9:   48 8b c8 ff 15 d6 46 10 00 44 8b c6 8b d5 49 8b
0x000002086bcd3bc9:   cf e8 dd fb ff ff 40 8a c6 40 c0 e6 02 02 c0 32
0x000002086bcd3bd9:   43 28 24 02 32 43 28 40 32 f0 40 80 e6 04 40 32
0x000002086bcd3be9:   f0 40 88 73 28 33 c0 48 8b 5c 24 58 48 8b 6c 24 


Stack slot to memory mapping:

stack at sp + 0 slots: 0x000002086bcd0000 GTIII-OSD64.dll
stack at sp + 1 slots: 0x000002086bcd0000 GTIII-OSD64.dll
stack at sp + 2 slots: 0x0000000000000002 is an unknown value
stack at sp + 3 slots: 0x000002086bcd3947 GTIII-OSD64.dll
stack at sp + 4 slots: 0x0 is null
stack at sp + 5 slots: 0x0 is null
stack at sp + 6 slots: 0x000002086bcd0000 GTIII-OSD64.dll
stack at sp + 7 slots: 0x000002086bcd0000 GTIII-OSD64.dll

VM_Operation (0x0000002447ffec60): Exit, mode: safepoint, requested by thread 0x000002081d978390


---------------  P R O C E S S  ---------------

Threads class SMR info:
_java_thread_list=0x000002086b7ddde0, length=14, elements={
0x000002087f1e1d80, 0x000002087f1e2a80, 0x000002087f1e5c50, 0x000002087f1e74b0,
0x000002087f1e7b40, 0x000002087f1e81d0, 0x000002087f209c20, 0x000002087f20bc90,
0x000002087f1e8860, 0x000002087f1e9580, 0x000002087f1e8ef0, 0x000002087f1e9c10,
0x000002081d978390, 0x000002081d9755a0
}

Java Threads: ( => current thread )
  0x000002087f1e1d80 JavaThread "Reference Handler"          daemon [_thread_blocked, id=7388, stack(0x0000002447200000,0x0000002447300000) (1024K)]
  0x000002087f1e2a80 JavaThread "Finalizer"                  daemon [_thread_blocked, id=10308, stack(0x0000002447300000,0x0000002447400000) (1024K)]
  0x000002087f1e5c50 JavaThread "Signal Dispatcher"          daemon [_thread_blocked, id=18520, stack(0x0000002447400000,0x0000002447500000) (1024K)]
  0x000002087f1e74b0 JavaThread "Attach Listener"            daemon [_thread_blocked, id=6072, stack(0x0000002447500000,0x0000002447600000) (1024K)]
  0x000002087f1e7b40 JavaThread "Service Thread"             daemon [_thread_blocked, id=19872, stack(0x0000002447600000,0x0000002447700000) (1024K)]
  0x000002087f1e81d0 JavaThread "Monitor Deflation Thread"   daemon [_thread_blocked, id=18272, stack(0x0000002447700000,0x0000002447800000) (1024K)]
  0x000002087f209c20 JavaThread "C2 CompilerThread0"         daemon [_thread_blocked, id=9652, stack(0x0000002447800000,0x0000002447900000) (1024K)]
  0x000002087f20bc90 JavaThread "C1 CompilerThread0"         daemon [_thread_blocked, id=6044, stack(0x0000002447900000,0x0000002447a00000) (1024K)]
  0x000002087f1e8860 JavaThread "Common-Cleaner"             daemon [_thread_blocked, id=19904, stack(0x0000002447a00000,0x0000002447b00000) (1024K)]
  0x000002087f1e9580 JavaThread "Notification Thread"        daemon [_thread_blocked, id=13472, stack(0x0000002447b00000,0x0000002447c00000) (1024K)]
  0x000002087f1e8ef0 JavaThread "Java2D Disposer"            daemon [_thread_blocked, id=3324, stack(0x0000002447c00000,0x0000002447d00000) (1024K)]
  0x000002087f1e9c10 JavaThread "AWT-Shutdown"                      [_thread_blocked, id=5720, stack(0x0000002447d00000,0x0000002447e00000) (1024K)]
  0x000002081d978390 JavaThread "AWT-EventQueue-0"                  [_thread_blocked, id=14364, stack(0x0000002447f00000,0x0000002448000000) (1024K)]
  0x000002081d9755a0 JavaThread "DestroyJavaVM"                     [_thread_blocked, id=19792, stack(0x0000002446a00000,0x0000002446b00000) (1024K)]
Total: 14

Other Threads:
=>0x000002087f1cae10 VMThread "VM Thread"                           [id=21188, stack(0x0000002447100000,0x0000002447200000) (1024K)]
  0x000002087c6dc080 WorkerThread "GC Thread#0"                     [id=20268, stack(0x0000002446b00000,0x0000002446c00000) (1024K)]
  0x000002087c6f0da0 ConcurrentGCThread "G1 Main Marker"            terminated
  0x000002087c6f2730 WorkerThread "G1 Conc#0"                       [id=20980, stack(0x0000002446d00000,0x0000002446e00000) (1024K)]
  0x000002087f085610 ConcurrentGCThread "G1 Refine#0"               terminated
  0x000002087f085fa0 ConcurrentGCThread "G1 Service"                terminated
Total: 6

Threads with active compile tasks:
Total: 0

VM state: at safepoint (shutting down)

VM Mutex/Monitor currently owned by a thread:  ([mutex/lock_event])
[0x00007fffa3cf4888] Threads_lock - owner thread: 0x000002087f1cae10
[0x00007fffa3cf4988] Heap_lock - owner thread: 0x000002081d978390

Heap address: 0x0000000703600000, size: 4042 MB, Compressed Oops mode: Zero based, Oop shift amount: 3

CDS archive(s) mapped at: [0x000002081e000000-0x000002081ed70000-0x000002081ed70000), size 14090240, SharedBaseAddress: 0x000002081e000000, ArchiveRelocationMode: 1.
Compressed class space mapped at: 0x000002081f000000-0x000002085f000000, reserved size: 1073741824
Narrow klass base: 0x000002081e000000, Narrow klass shift: 0, Narrow klass range: 0x41000000

GC Precious Log:
 CardTable entry size: 512
 Card Set container configuration: InlinePtr #cards 4 size 8 Array Of Cards #cards 16 size 48 Howl #buckets 8 coarsen threshold 3686 Howl Bitmap #cards 512 size 80 coarsen threshold 460 Card regions per heap region 1 cards per card region 4096
 CPUs: 12 total, 12 available
 Memory: 16163M
 Large Page Support: Disabled
 NUMA Support: Disabled
 Compressed Oops: Enabled (Zero based)
 Heap Region Size: 2M
 Heap Min Capacity: 8M
 Heap Initial Capacity: 254M
 Heap Max Capacity: 4042M
 Pre-touch: Disabled
 Parallel Workers: 10
 Concurrent Workers: 3
 Concurrent Refinement Workers: 10
 Periodic GC: Disabled

Heap:
 garbage-first heap   total reserved 4139008K, committed 260096K, used 18432K [0x0000000703600000, 0x0000000800000000)
  region size 2048K, 8 young (16384K), 0 survivors (0K)
 Metaspace       used 8856K, committed 9088K, reserved 1114112K
  class space    used 1015K, committed 1152K, reserved 1048576K

Heap Regions: E=young(eden), S=young(survivor), O=old, HS=humongous(starts), HC=humongous(continues), CS=collection set, F=free, TAMS=top-at-mark-start, PB=parsable bottom
|   0|0x0000000703600000, 0x0000000703800000, 0x0000000703800000|100%|HS|  |TAMS 0x0000000703600000| PB 0x0000000703600000| Complete |  0
|   1|0x0000000703800000, 0x0000000703a00000, 0x0000000703a00000|100%|HC|  |TAMS 0x0000000703800000| PB 0x0000000703800000| Complete |  0
|   2|0x0000000703a00000, 0x0000000703a00000, 0x0000000703c00000|  0%| F|  |TAMS 0x0000000703a00000| PB 0x0000000703a00000| Untracked |  0
|   3|0x0000000703c00000, 0x0000000703c00000, 0x0000000703e00000|  0%| F|  |TAMS 0x0000000703c00000| PB 0x0000000703c00000| Untracked |  0
|   4|0x0000000703e00000, 0x0000000703e00000, 0x0000000704000000|  0%| F|  |TAMS 0x0000000703e00000| PB 0x0000000703e00000| Untracked |  0
|   5|0x0000000704000000, 0x0000000704000000, 0x0000000704200000|  0%| F|  |TAMS 0x0000000704000000| PB 0x0000000704000000| Untracked |  0
|   6|0x0000000704200000, 0x0000000704200000, 0x0000000704400000|  0%| F|  |TAMS 0x0000000704200000| PB 0x0000000704200000| Untracked |  0
|   7|0x0000000704400000, 0x0000000704400000, 0x0000000704600000|  0%| F|  |TAMS 0x0000000704400000| PB 0x0000000704400000| Untracked |  0
|   8|0x0000000704600000, 0x0000000704600000, 0x0000000704800000|  0%| F|  |TAMS 0x0000000704600000| PB 0x0000000704600000| Untracked |  0
|   9|0x0000000704800000, 0x0000000704800000, 0x0000000704a00000|  0%| F|  |TAMS 0x0000000704800000| PB 0x0000000704800000| Untracked |  0
|  10|0x0000000704a00000, 0x0000000704a00000, 0x0000000704c00000|  0%| F|  |TAMS 0x0000000704a00000| PB 0x0000000704a00000| Untracked |  0
|  11|0x0000000704c00000, 0x0000000704c00000, 0x0000000704e00000|  0%| F|  |TAMS 0x0000000704c00000| PB 0x0000000704c00000| Untracked |  0
|  12|0x0000000704e00000, 0x0000000704e00000, 0x0000000705000000|  0%| F|  |TAMS 0x0000000704e00000| PB 0x0000000704e00000| Untracked |  0
|  13|0x0000000705000000, 0x0000000705000000, 0x0000000705200000|  0%| F|  |TAMS 0x0000000705000000| PB 0x0000000705000000| Untracked |  0
|  14|0x0000000705200000, 0x0000000705200000, 0x0000000705400000|  0%| F|  |TAMS 0x0000000705200000| PB 0x0000000705200000| Untracked |  0
|  15|0x0000000705400000, 0x0000000705400000, 0x0000000705600000|  0%| F|  |TAMS 0x0000000705400000| PB 0x0000000705400000| Untracked |  0
|  16|0x0000000705600000, 0x0000000705600000, 0x0000000705800000|  0%| F|  |TAMS 0x0000000705600000| PB 0x0000000705600000| Untracked |  0
|  17|0x0000000705800000, 0x0000000705800000, 0x0000000705a00000|  0%| F|  |TAMS 0x0000000705800000| PB 0x0000000705800000| Untracked |  0
|  18|0x0000000705a00000, 0x0000000705a00000, 0x0000000705c00000|  0%| F|  |TAMS 0x0000000705a00000| PB 0x0000000705a00000| Untracked |  0
|  19|0x0000000705c00000, 0x0000000705c00000, 0x0000000705e00000|  0%| F|  |TAMS 0x0000000705c00000| PB 0x0000000705c00000| Untracked |  0
|  20|0x0000000705e00000, 0x0000000705e00000, 0x0000000706000000|  0%| F|  |TAMS 0x0000000705e00000| PB 0x0000000705e00000| Untracked |  0
|  21|0x0000000706000000, 0x0000000706000000, 0x0000000706200000|  0%| F|  |TAMS 0x0000000706000000| PB 0x0000000706000000| Untracked |  0
|  22|0x0000000706200000, 0x0000000706200000, 0x0000000706400000|  0%| F|  |TAMS 0x0000000706200000| PB 0x0000000706200000| Untracked |  0
|  23|0x0000000706400000, 0x0000000706400000, 0x0000000706600000|  0%| F|  |TAMS 0x0000000706400000| PB 0x0000000706400000| Untracked |  0
|  24|0x0000000706600000, 0x0000000706600000, 0x0000000706800000|  0%| F|  |TAMS 0x0000000706600000| PB 0x0000000706600000| Untracked |  0
|  25|0x0000000706800000, 0x0000000706800000, 0x0000000706a00000|  0%| F|  |TAMS 0x0000000706800000| PB 0x0000000706800000| Untracked |  0
|  26|0x0000000706a00000, 0x0000000706a00000, 0x0000000706c00000|  0%| F|  |TAMS 0x0000000706a00000| PB 0x0000000706a00000| Untracked |  0
|  27|0x0000000706c00000, 0x0000000706c00000, 0x0000000706e00000|  0%| F|  |TAMS 0x0000000706c00000| PB 0x0000000706c00000| Untracked |  0
|  28|0x0000000706e00000, 0x0000000706e00000, 0x0000000707000000|  0%| F|  |TAMS 0x0000000706e00000| PB 0x0000000706e00000| Untracked |  0
|  29|0x0000000707000000, 0x0000000707000000, 0x0000000707200000|  0%| F|  |TAMS 0x0000000707000000| PB 0x0000000707000000| Untracked |  0
|  30|0x0000000707200000, 0x0000000707200000, 0x0000000707400000|  0%| F|  |TAMS 0x0000000707200000| PB 0x0000000707200000| Untracked |  0
|  31|0x0000000707400000, 0x0000000707400000, 0x0000000707600000|  0%| F|  |TAMS 0x0000000707400000| PB 0x0000000707400000| Untracked |  0
|  32|0x0000000707600000, 0x0000000707600000, 0x0000000707800000|  0%| F|  |TAMS 0x0000000707600000| PB 0x0000000707600000| Untracked |  0
|  33|0x0000000707800000, 0x0000000707800000, 0x0000000707a00000|  0%| F|  |TAMS 0x0000000707800000| PB 0x0000000707800000| Untracked |  0
|  34|0x0000000707a00000, 0x0000000707a00000, 0x0000000707c00000|  0%| F|  |TAMS 0x0000000707a00000| PB 0x0000000707a00000| Untracked |  0
|  35|0x0000000707c00000, 0x0000000707c00000, 0x0000000707e00000|  0%| F|  |TAMS 0x0000000707c00000| PB 0x0000000707c00000| Untracked |  0
|  36|0x0000000707e00000, 0x0000000707e00000, 0x0000000708000000|  0%| F|  |TAMS 0x0000000707e00000| PB 0x0000000707e00000| Untracked |  0
|  37|0x0000000708000000, 0x0000000708000000, 0x0000000708200000|  0%| F|  |TAMS 0x0000000708000000| PB 0x0000000708000000| Untracked |  0
|  38|0x0000000708200000, 0x0000000708200000, 0x0000000708400000|  0%| F|  |TAMS 0x0000000708200000| PB 0x0000000708200000| Untracked |  0
|  39|0x0000000708400000, 0x0000000708400000, 0x0000000708600000|  0%| F|  |TAMS 0x0000000708400000| PB 0x0000000708400000| Untracked |  0
|  40|0x0000000708600000, 0x0000000708600000, 0x0000000708800000|  0%| F|  |TAMS 0x0000000708600000| PB 0x0000000708600000| Untracked |  0
|  41|0x0000000708800000, 0x0000000708800000, 0x0000000708a00000|  0%| F|  |TAMS 0x0000000708800000| PB 0x0000000708800000| Untracked |  0
|  42|0x0000000708a00000, 0x0000000708a00000, 0x0000000708c00000|  0%| F|  |TAMS 0x0000000708a00000| PB 0x0000000708a00000| Untracked |  0
|  43|0x0000000708c00000, 0x0000000708c00000, 0x0000000708e00000|  0%| F|  |TAMS 0x0000000708c00000| PB 0x0000000708c00000| Untracked |  0
|  44|0x0000000708e00000, 0x0000000708e00000, 0x0000000709000000|  0%| F|  |TAMS 0x0000000708e00000| PB 0x0000000708e00000| Untracked |  0
|  45|0x0000000709000000, 0x0000000709000000, 0x0000000709200000|  0%| F|  |TAMS 0x0000000709000000| PB 0x0000000709000000| Untracked |  0
|  46|0x0000000709200000, 0x0000000709200000, 0x0000000709400000|  0%| F|  |TAMS 0x0000000709200000| PB 0x0000000709200000| Untracked |  0
|  47|0x0000000709400000, 0x0000000709400000, 0x0000000709600000|  0%| F|  |TAMS 0x0000000709400000| PB 0x0000000709400000| Untracked |  0
|  48|0x0000000709600000, 0x0000000709600000, 0x0000000709800000|  0%| F|  |TAMS 0x0000000709600000| PB 0x0000000709600000| Untracked |  0
|  49|0x0000000709800000, 0x0000000709800000, 0x0000000709a00000|  0%| F|  |TAMS 0x0000000709800000| PB 0x0000000709800000| Untracked |  0
|  50|0x0000000709a00000, 0x0000000709a00000, 0x0000000709c00000|  0%| F|  |TAMS 0x0000000709a00000| PB 0x0000000709a00000| Untracked |  0
|  51|0x0000000709c00000, 0x0000000709c00000, 0x0000000709e00000|  0%| F|  |TAMS 0x0000000709c00000| PB 0x0000000709c00000| Untracked |  0
|  52|0x0000000709e00000, 0x0000000709e00000, 0x000000070a000000|  0%| F|  |TAMS 0x0000000709e00000| PB 0x0000000709e00000| Untracked |  0
|  53|0x000000070a000000, 0x000000070a000000, 0x000000070a200000|  0%| F|  |TAMS 0x000000070a000000| PB 0x000000070a000000| Untracked |  0
|  54|0x000000070a200000, 0x000000070a200000, 0x000000070a400000|  0%| F|  |TAMS 0x000000070a200000| PB 0x000000070a200000| Untracked |  0
|  55|0x000000070a400000, 0x000000070a400000, 0x000000070a600000|  0%| F|  |TAMS 0x000000070a400000| PB 0x000000070a400000| Untracked |  0
|  56|0x000000070a600000, 0x000000070a600000, 0x000000070a800000|  0%| F|  |TAMS 0x000000070a600000| PB 0x000000070a600000| Untracked |  0
|  57|0x000000070a800000, 0x000000070a800000, 0x000000070aa00000|  0%| F|  |TAMS 0x000000070a800000| PB 0x000000070a800000| Untracked |  0
|  58|0x000000070aa00000, 0x000000070aa00000, 0x000000070ac00000|  0%| F|  |TAMS 0x000000070aa00000| PB 0x000000070aa00000| Untracked |  0
|  59|0x000000070ac00000, 0x000000070ac00000, 0x000000070ae00000|  0%| F|  |TAMS 0x000000070ac00000| PB 0x000000070ac00000| Untracked |  0
|  60|0x000000070ae00000, 0x000000070ae00000, 0x000000070b000000|  0%| F|  |TAMS 0x000000070ae00000| PB 0x000000070ae00000| Untracked |  0
|  61|0x000000070b000000, 0x000000070b000000, 0x000000070b200000|  0%| F|  |TAMS 0x000000070b000000| PB 0x000000070b000000| Untracked |  0
|  62|0x000000070b200000, 0x000000070b200000, 0x000000070b400000|  0%| F|  |TAMS 0x000000070b200000| PB 0x000000070b200000| Untracked |  0
|  63|0x000000070b400000, 0x000000070b400000, 0x000000070b600000|  0%| F|  |TAMS 0x000000070b400000| PB 0x000000070b400000| Untracked |  0
|  64|0x000000070b600000, 0x000000070b600000, 0x000000070b800000|  0%| F|  |TAMS 0x000000070b600000| PB 0x000000070b600000| Untracked |  0
|  65|0x000000070b800000, 0x000000070b800000, 0x000000070ba00000|  0%| F|  |TAMS 0x000000070b800000| PB 0x000000070b800000| Untracked |  0
|  66|0x000000070ba00000, 0x000000070ba00000, 0x000000070bc00000|  0%| F|  |TAMS 0x000000070ba00000| PB 0x000000070ba00000| Untracked |  0
|  67|0x000000070bc00000, 0x000000070bc00000, 0x000000070be00000|  0%| F|  |TAMS 0x000000070bc00000| PB 0x000000070bc00000| Untracked |  0
|  68|0x000000070be00000, 0x000000070be00000, 0x000000070c000000|  0%| F|  |TAMS 0x000000070be00000| PB 0x000000070be00000| Untracked |  0
|  69|0x000000070c000000, 0x000000070c000000, 0x000000070c200000|  0%| F|  |TAMS 0x000000070c000000| PB 0x000000070c000000| Untracked |  0
|  70|0x000000070c200000, 0x000000070c200000, 0x000000070c400000|  0%| F|  |TAMS 0x000000070c200000| PB 0x000000070c200000| Untracked |  0
|  71|0x000000070c400000, 0x000000070c400000, 0x000000070c600000|  0%| F|  |TAMS 0x000000070c400000| PB 0x000000070c400000| Untracked |  0
|  72|0x000000070c600000, 0x000000070c600000, 0x000000070c800000|  0%| F|  |TAMS 0x000000070c600000| PB 0x000000070c600000| Untracked |  0
|  73|0x000000070c800000, 0x000000070c800000, 0x000000070ca00000|  0%| F|  |TAMS 0x000000070c800000| PB 0x000000070c800000| Untracked |  0
|  74|0x000000070ca00000, 0x000000070ca00000, 0x000000070cc00000|  0%| F|  |TAMS 0x000000070ca00000| PB 0x000000070ca00000| Untracked |  0
|  75|0x000000070cc00000, 0x000000070cc00000, 0x000000070ce00000|  0%| F|  |TAMS 0x000000070cc00000| PB 0x000000070cc00000| Untracked |  0
|  76|0x000000070ce00000, 0x000000070ce00000, 0x000000070d000000|  0%| F|  |TAMS 0x000000070ce00000| PB 0x000000070ce00000| Untracked |  0
|  77|0x000000070d000000, 0x000000070d000000, 0x000000070d200000|  0%| F|  |TAMS 0x000000070d000000| PB 0x000000070d000000| Untracked |  0
|  78|0x000000070d200000, 0x000000070d200000, 0x000000070d400000|  0%| F|  |TAMS 0x000000070d200000| PB 0x000000070d200000| Untracked |  0
|  79|0x000000070d400000, 0x000000070d400000, 0x000000070d600000|  0%| F|  |TAMS 0x000000070d400000| PB 0x000000070d400000| Untracked |  0
|  80|0x000000070d600000, 0x000000070d600000, 0x000000070d800000|  0%| F|  |TAMS 0x000000070d600000| PB 0x000000070d600000| Untracked |  0
|  81|0x000000070d800000, 0x000000070d800000, 0x000000070da00000|  0%| F|  |TAMS 0x000000070d800000| PB 0x000000070d800000| Untracked |  0
|  82|0x000000070da00000, 0x000000070da00000, 0x000000070dc00000|  0%| F|  |TAMS 0x000000070da00000| PB 0x000000070da00000| Untracked |  0
|  83|0x000000070dc00000, 0x000000070dc00000, 0x000000070de00000|  0%| F|  |TAMS 0x000000070dc00000| PB 0x000000070dc00000| Untracked |  0
|  84|0x000000070de00000, 0x000000070de00000, 0x000000070e000000|  0%| F|  |TAMS 0x000000070de00000| PB 0x000000070de00000| Untracked |  0
|  85|0x000000070e000000, 0x000000070e000000, 0x000000070e200000|  0%| F|  |TAMS 0x000000070e000000| PB 0x000000070e000000| Untracked |  0
|  86|0x000000070e200000, 0x000000070e200000, 0x000000070e400000|  0%| F|  |TAMS 0x000000070e200000| PB 0x000000070e200000| Untracked |  0
|  87|0x000000070e400000, 0x000000070e400000, 0x000000070e600000|  0%| F|  |TAMS 0x000000070e400000| PB 0x000000070e400000| Untracked |  0
|  88|0x000000070e600000, 0x000000070e600000, 0x000000070e800000|  0%| F|  |TAMS 0x000000070e600000| PB 0x000000070e600000| Untracked |  0
|  89|0x000000070e800000, 0x000000070e800000, 0x000000070ea00000|  0%| F|  |TAMS 0x000000070e800000| PB 0x000000070e800000| Untracked |  0
|  90|0x000000070ea00000, 0x000000070ea00000, 0x000000070ec00000|  0%| F|  |TAMS 0x000000070ea00000| PB 0x000000070ea00000| Untracked |  0
|  91|0x000000070ec00000, 0x000000070ec00000, 0x000000070ee00000|  0%| F|  |TAMS 0x000000070ec00000| PB 0x000000070ec00000| Untracked |  0
|  92|0x000000070ee00000, 0x000000070ee00000, 0x000000070f000000|  0%| F|  |TAMS 0x000000070ee00000| PB 0x000000070ee00000| Untracked |  0
|  93|0x000000070f000000, 0x000000070f000000, 0x000000070f200000|  0%| F|  |TAMS 0x000000070f000000| PB 0x000000070f000000| Untracked |  0
|  94|0x000000070f200000, 0x000000070f200000, 0x000000070f400000|  0%| F|  |TAMS 0x000000070f200000| PB 0x000000070f200000| Untracked |  0
|  95|0x000000070f400000, 0x000000070f400000, 0x000000070f600000|  0%| F|  |TAMS 0x000000070f400000| PB 0x000000070f400000| Untracked |  0
|  96|0x000000070f600000, 0x000000070f600000, 0x000000070f800000|  0%| F|  |TAMS 0x000000070f600000| PB 0x000000070f600000| Untracked |  0
|  97|0x000000070f800000, 0x000000070f800000, 0x000000070fa00000|  0%| F|  |TAMS 0x000000070f800000| PB 0x000000070f800000| Untracked |  0
|  98|0x000000070fa00000, 0x000000070fa00000, 0x000000070fc00000|  0%| F|  |TAMS 0x000000070fa00000| PB 0x000000070fa00000| Untracked |  0
|  99|0x000000070fc00000, 0x000000070fc00000, 0x000000070fe00000|  0%| F|  |TAMS 0x000000070fc00000| PB 0x000000070fc00000| Untracked |  0
| 100|0x000000070fe00000, 0x000000070fe00000, 0x0000000710000000|  0%| F|  |TAMS 0x000000070fe00000| PB 0x000000070fe00000| Untracked |  0
| 101|0x0000000710000000, 0x0000000710000000, 0x0000000710200000|  0%| F|  |TAMS 0x0000000710000000| PB 0x0000000710000000| Untracked |  0
| 102|0x0000000710200000, 0x0000000710200000, 0x0000000710400000|  0%| F|  |TAMS 0x0000000710200000| PB 0x0000000710200000| Untracked |  0
| 103|0x0000000710400000, 0x0000000710400000, 0x0000000710600000|  0%| F|  |TAMS 0x0000000710400000| PB 0x0000000710400000| Untracked |  0
| 104|0x0000000710600000, 0x0000000710600000, 0x0000000710800000|  0%| F|  |TAMS 0x0000000710600000| PB 0x0000000710600000| Untracked |  0
| 105|0x0000000710800000, 0x0000000710800000, 0x0000000710a00000|  0%| F|  |TAMS 0x0000000710800000| PB 0x0000000710800000| Untracked |  0
| 106|0x0000000710a00000, 0x0000000710a00000, 0x0000000710c00000|  0%| F|  |TAMS 0x0000000710a00000| PB 0x0000000710a00000| Untracked |  0
| 107|0x0000000710c00000, 0x0000000710c00000, 0x0000000710e00000|  0%| F|  |TAMS 0x0000000710c00000| PB 0x0000000710c00000| Untracked |  0
| 108|0x0000000710e00000, 0x0000000710e00000, 0x0000000711000000|  0%| F|  |TAMS 0x0000000710e00000| PB 0x0000000710e00000| Untracked |  0
| 109|0x0000000711000000, 0x0000000711000000, 0x0000000711200000|  0%| F|  |TAMS 0x0000000711000000| PB 0x0000000711000000| Untracked |  0
| 110|0x0000000711200000, 0x0000000711200000, 0x0000000711400000|  0%| F|  |TAMS 0x0000000711200000| PB 0x0000000711200000| Untracked |  0
| 111|0x0000000711400000, 0x0000000711400000, 0x0000000711600000|  0%| F|  |TAMS 0x0000000711400000| PB 0x0000000711400000| Untracked |  0
| 112|0x0000000711600000, 0x0000000711600000, 0x0000000711800000|  0%| F|  |TAMS 0x0000000711600000| PB 0x0000000711600000| Untracked |  0
| 113|0x0000000711800000, 0x0000000711800000, 0x0000000711a00000|  0%| F|  |TAMS 0x0000000711800000| PB 0x0000000711800000| Untracked |  0
| 114|0x0000000711a00000, 0x0000000711a00000, 0x0000000711c00000|  0%| F|  |TAMS 0x0000000711a00000| PB 0x0000000711a00000| Untracked |  0
| 115|0x0000000711c00000, 0x0000000711c00000, 0x0000000711e00000|  0%| F|  |TAMS 0x0000000711c00000| PB 0x0000000711c00000| Untracked |  0
| 116|0x0000000711e00000, 0x0000000711e00000, 0x0000000712000000|  0%| F|  |TAMS 0x0000000711e00000| PB 0x0000000711e00000| Untracked |  0
| 117|0x0000000712000000, 0x0000000712000000, 0x0000000712200000|  0%| F|  |TAMS 0x0000000712000000| PB 0x0000000712000000| Untracked |  0
| 118|0x0000000712200000, 0x0000000712200000, 0x0000000712400000|  0%| F|  |TAMS 0x0000000712200000| PB 0x0000000712200000| Untracked |  0
| 119|0x0000000712400000, 0x00000007124f5c58, 0x0000000712600000| 48%| E|  |TAMS 0x0000000712400000| PB 0x0000000712400000| Complete |  0
| 120|0x0000000712600000, 0x0000000712800000, 0x0000000712800000|100%| E|CS|TAMS 0x0000000712600000| PB 0x0000000712600000| Complete |  0
| 121|0x0000000712800000, 0x0000000712a00000, 0x0000000712a00000|100%| E|CS|TAMS 0x0000000712800000| PB 0x0000000712800000| Complete |  0
| 122|0x0000000712a00000, 0x0000000712c00000, 0x0000000712c00000|100%| E|CS|TAMS 0x0000000712a00000| PB 0x0000000712a00000| Complete |  0
| 123|0x0000000712c00000, 0x0000000712e00000, 0x0000000712e00000|100%| E|CS|TAMS 0x0000000712c00000| PB 0x0000000712c00000| Complete |  0
| 124|0x0000000712e00000, 0x0000000713000000, 0x0000000713000000|100%| E|CS|TAMS 0x0000000712e00000| PB 0x0000000712e00000| Complete |  0
| 125|0x0000000713000000, 0x0000000713200000, 0x0000000713200000|100%| E|CS|TAMS 0x0000000713000000| PB 0x0000000713000000| Complete |  0
| 126|0x0000000713200000, 0x0000000713400000, 0x0000000713400000|100%| E|CS|TAMS 0x0000000713200000| PB 0x0000000713200000| Complete |  0

Card table byte_map: [0x000002087dd00000,0x000002087e4f0000] _byte_map_base: 0x000002087a4e5000

Marking Bits: (CMBitMap*) 0x000002087c6dc790
 Bits: [0x0000020817680000, 0x000002081b5a8000)

Polling page: 0x000002087ae70000

Metaspace:

Usage:
  Non-class:      7.66 MB used.
      Class:   1015.95 KB used.
       Both:      8.65 MB used.

Virtual space:
  Non-class space:       64.00 MB reserved,       7.75 MB ( 12%) committed,  1 nodes.
      Class space:        1.00 GB reserved,       1.12 MB ( <1%) committed,  1 nodes.
             Both:        1.06 GB reserved,       8.88 MB ( <1%) committed. 

Chunk freelists:
   Non-Class:  8.23 MB
       Class:  14.73 MB
        Both:  22.96 MB

MaxMetaspaceSize: unlimited
CompressedClassSpaceSize: 1.00 GB
Initial GC threshold: 21.00 MB
Current GC threshold: 21.00 MB
CDS: on
 - commit_granule_bytes: 65536.
 - commit_granule_words: 8192.
 - virtual_space_node_default_size: 8388608.
 - enlarge_chunks_in_place: 1.
 - use_allocation_guard: 0.


Internal statistics:

num_allocs_failed_limit: 0.
num_arena_births: 150.
num_arena_deaths: 0.
num_vsnodes_births: 2.
num_vsnodes_deaths: 0.
num_space_committed: 142.
num_space_uncommitted: 0.
num_chunks_returned_to_freelist: 0.
num_chunks_taken_from_freelist: 184.
num_chunk_merges: 0.
num_chunk_splits: 112.
num_chunks_enlarged: 48.
num_inconsistent_stats: 0.

CodeHeap 'non-profiled nmethods': size=120064Kb used=325Kb max_used=325Kb free=119738Kb
 bounds [0x0000020810140000, 0x00000208103b0000, 0x0000020817680000]
CodeHeap 'profiled nmethods': size=120000Kb used=1466Kb max_used=1466Kb free=118533Kb
 bounds [0x0000020808680000, 0x00000208088f0000, 0x000002080fbb0000]
CodeHeap 'non-nmethods': size=5696Kb used=1718Kb max_used=1733Kb free=3977Kb
 bounds [0x000002080fbb0000, 0x000002080fe20000, 0x0000020810140000]
CodeCache: size=245760Kb, used=3509Kb, max_used=3524Kb, free=242248Kb
 total_blobs=1760, nmethods=1112, adapters=554, full_count=0
Compilation: enabled, stopped_count=0, restarted_count=0

Compilation events (20 events):
Event: 7.230 Thread 0x000002087f20bc90 1103       3       java.util.concurrent.locks.LockSupport::unpark (26 bytes)
Event: 7.230 Thread 0x000002087f20bc90 nmethod 1103 0x00000208087e8e08 code [0x00000208087e8f60, 0x00000208087e9280]
Event: 7.230 Thread 0x000002087f20bc90 1104       3       jdk.internal.misc.Unsafe::putIntOpaque (9 bytes)
Event: 7.230 Thread 0x000002087f20bc90 nmethod 1104 0x00000208087e9308 code [0x00000208087e9420, 0x00000208087e9538]
Event: 7.231 Thread 0x000002087f20bc90 1105       3       java.util.concurrent.ForkJoinPool::managedBlock (36 bytes)
Event: 7.231 Thread 0x000002087f20bc90 nmethod 1105 0x00000208087e9608 code [0x00000208087e9800, 0x00000208087ea4a8]
Event: 7.231 Thread 0x000002087f20bc90 1106       3       java.util.concurrent.ForkJoinPool::unmanagedBlock (24 bytes)
Event: 7.231 Thread 0x000002087f20bc90 nmethod 1106 0x00000208087ea588 code [0x00000208087ea740, 0x00000208087eb0d8]
Event: 7.245 Thread 0x000002087f20bc90 1107       3       java.util.concurrent.locks.AbstractQueuedSynchronizer::enqueue (72 bytes)
Event: 7.245 Thread 0x000002087f20bc90 nmethod 1107 0x00000208087eb188 code [0x00000208087eb340, 0x00000208087eb9f8]
Event: 8.342 Thread 0x000002087f20bc90 1108       3       java.awt.Component::isEnabled (5 bytes)
Event: 8.342 Thread 0x000002087f20bc90 nmethod 1108 0x00000208087eba88 code [0x00000208087ebba0, 0x00000208087ebcc8]
Event: 8.403 Thread 0x000002087f20bc90 1109   !   3       java.awt.Container::findComponentAt (42 bytes)
Event: 8.403 Thread 0x000002087f20bc90 nmethod 1109 0x00000208087ebd88 code [0x00000208087ebee0, 0x00000208087ec3f8]
Event: 8.414 Thread 0x000002087f20bc90 1110   !   3       sun.awt.AWTAutoShutdown::getPeer (43 bytes)
Event: 8.414 Thread 0x000002087f20bc90 nmethod 1110 0x00000208087ec488 code [0x00000208087ec5c0, 0x00000208087ecad8]
Event: 8.430 Thread 0x000002087f20bc90 1112   !   3       java.util.concurrent.locks.AbstractQueuedSynchronizer$ConditionObject::await (185 bytes)
Event: 8.431 Thread 0x000002087f20bc90 nmethod 1112 0x00000208087ecb08 code [0x00000208087ece00, 0x00000208087ee228]
Event: 8.431 Thread 0x000002087f20bc90 1111   !   3       sun.awt.AWTAutoShutdown::notifyThreadFree (74 bytes)
Event: 8.431 Thread 0x000002087f20bc90 nmethod 1111 0x00000208087ee308 code [0x00000208087ee480, 0x00000208087eeac8]

GC Heap History (0 events):
No events

Dll operation events (9 events):
Event: 0.010 Loaded shared library C:\Program Files\Java\jdk-23\bin\java.dll
Event: 0.037 Loaded shared library C:\Program Files\Java\jdk-23\bin\jsvml.dll
Event: 0.059 Loaded shared library C:\Program Files\Java\jdk-23\bin\net.dll
Event: 0.061 Loaded shared library C:\Program Files\Java\jdk-23\bin\nio.dll
Event: 0.082 Loaded shared library C:\Program Files\Java\jdk-23\bin\jimage.dll
Event: 0.094 Loaded shared library C:\Program Files\Java\jdk-23\bin\awt.dll
Event: 0.211 Loaded shared library C:\Program Files\Java\jdk-23\bin\freetype.dll
Event: 0.212 Loaded shared library C:\Program Files\Java\jdk-23\bin\fontmanager.dll
Event: 0.462 Loaded shared library C:\Program Files\Java\jdk-23\bin\zip.dll

Deoptimization events (8 events):
Event: 0.182 Thread 0x000002087ac1f740 Uncommon trap: trap_request=0xffffff45 fr.pc=0x00000208101518fc relative=0x000000000000095c
Event: 0.182 Thread 0x000002087ac1f740 Uncommon trap: reason=unstable_if action=reinterpret pc=0x00000208101518fc method=java.util.HashMap.putVal(ILjava/lang/Object;Ljava/lang/Object;ZZ)Ljava/lang/Object; @ 236 c2
Event: 0.182 Thread 0x000002087ac1f740 DEOPT PACKING pc=0x00000208101518fc sp=0x0000002446afe260
Event: 0.183 Thread 0x000002087ac1f740 DEOPT UNPACKING pc=0x000002080fc07982 sp=0x0000002446afe208 mode 2
Event: 0.439 Thread 0x000002081d978390 Uncommon trap: trap_request=0xffffff3d fr.pc=0x000002081016ec54 relative=0x0000000000000b54
Event: 0.439 Thread 0x000002081d978390 Uncommon trap: reason=unstable_fused_if action=reinterpret pc=0x000002081016ec54 method=java.util.HashMap.resize()[Ljava/util/HashMap$Node; @ 31 c2
Event: 0.439 Thread 0x000002081d978390 DEOPT PACKING pc=0x000002081016ec54 sp=0x0000002447ffe5d0
Event: 0.439 Thread 0x000002081d978390 DEOPT UNPACKING pc=0x000002080fc07982 sp=0x0000002447ffe558 mode 2

Classes loaded (20 events):
Event: 0.632 Loading class java/awt/event/InputMethodListener done
Event: 0.632 Loading class sun/awt/im/CompositionAreaHandler done
Event: 0.632 Loading class java/text/AttributedString
Event: 0.632 Loading class java/text/AttributedString done
Event: 0.632 Loading class java/text/AttributedString$AttributedStringIterator
Event: 0.632 Loading class java/text/AttributedCharacterIterator
Event: 0.632 Loading class java/text/CharacterIterator
Event: 0.632 Loading class java/text/CharacterIterator done
Event: 0.632 Loading class java/text/AttributedCharacterIterator done
Event: 0.632 Loading class java/text/AttributedString$AttributedStringIterator done
Event: 0.633 Loading class java/awt/TextComponent
Event: 0.633 Loading class java/awt/TextComponent done
Event: 0.790 Loading class java/awt/event/MouseEvent$1
Event: 0.790 Loading class sun/awt/AWTAccessor$MouseEventAccessor
Event: 0.790 Loading class sun/awt/AWTAccessor$MouseEventAccessor done
Event: 0.790 Loading class java/awt/event/MouseEvent$1 done
Event: 0.791 Loading class java/awt/Cursor$CursorDisposer
Event: 0.791 Loading class java/awt/Cursor$CursorDisposer done
Event: 0.791 Loading class java/awt/event/MouseWheelEvent
Event: 0.791 Loading class java/awt/event/MouseWheelEvent done

Classes unloaded (0 events):
No events

Classes redefined (0 events):
No events

Internal exceptions (20 events):
Event: 0.240 Thread 0x000002087ac1f740 Exception <a 'java/lang/ClassNotFoundException'{0x0000000712f58b68}: ToolBar> (0x0000000712f58b68) 
thrown [s\open\src\hotspot\share\classfile\systemDictionary.cpp, line 313]
Event: 0.240 Thread 0x000002087ac1f740 Exception <a 'java/lang/ClassNotFoundException'{0x0000000712f59060}: ToolBar> (0x0000000712f59060) 
thrown [s\open\src\hotspot\share\classfile\systemDictionary.cpp, line 313]
Event: 0.240 Thread 0x000002087ac1f740 Exception <a 'java/lang/ClassNotFoundException'{0x0000000712f593c0}: Button> (0x0000000712f593c0) 
thrown [s\open\src\hotspot\share\classfile\systemDictionary.cpp, line 313]
Event: 0.240 Thread 0x000002087ac1f740 Exception <a 'java/lang/ClassNotFoundException'{0x0000000712f59888}: ToolBar> (0x0000000712f59888) 
thrown [s\open\src\hotspot\share\classfile\systemDictionary.cpp, line 313]
Event: 0.240 Thread 0x000002087ac1f740 Exception <a 'java/lang/ClassNotFoundException'{0x0000000712f59bf8}: ToggleButton> (0x0000000712f59bf8) 
thrown [s\open\src\hotspot\share\classfile\systemDictionary.cpp, line 313]
Event: 0.240 Thread 0x000002087ac1f740 Exception <a 'java/lang/ClassNotFoundException'{0x0000000712f5a038}: javax/swing/JToolBarSeparator> (0x0000000712f5a038) 
thrown [s\open\src\hotspot\share\classfile\systemDictionary.cpp, line 313]
Event: 0.240 Thread 0x000002087ac1f740 Exception <a 'java/lang/ClassNotFoundException'{0x0000000712f5a348}: ToolBarSeparator> (0x0000000712f5a348) 
thrown [s\open\src\hotspot\share\classfile\systemDictionary.cpp, line 313]
Event: 0.240 Thread 0x000002087ac1f740 Exception <a 'java/lang/ClassNotFoundException'{0x0000000712f5a860}: ToolTip> (0x0000000712f5a860) 
thrown [s\open\src\hotspot\share\classfile\systemDictionary.cpp, line 313]
Event: 0.241 Thread 0x000002087ac1f740 Exception <a 'java/lang/ClassNotFoundException'{0x0000000712f5b1b0}: Tree> (0x0000000712f5b1b0) 
thrown [s\open\src\hotspot\share\classfile\systemDictionary.cpp, line 313]
Event: 0.241 Thread 0x000002087ac1f740 Exception <a 'java/lang/ClassNotFoundException'{0x0000000712f5b6a8}: Tree> (0x0000000712f5b6a8) 
thrown [s\open\src\hotspot\share\classfile\systemDictionary.cpp, line 313]
Event: 0.241 Thread 0x000002087ac1f740 Exception <a 'java/lang/ClassNotFoundException'{0x0000000712f5ba18}: javax/swing/JTreeCell> (0x0000000712f5ba18) 
thrown [s\open\src\hotspot\share\classfile\systemDictionary.cpp, line 313]
Event: 0.241 Thread 0x000002087ac1f740 Exception <a 'java/lang/ClassNotFoundException'{0x0000000712f5bd20}: TreeCell> (0x0000000712f5bd20) 
thrown [s\open\src\hotspot\share\classfile\systemDictionary.cpp, line 313]
Event: 0.241 Thread 0x000002087ac1f740 Exception <a 'java/lang/ClassNotFoundException'{0x0000000712f5c4d8}: RootPane> (0x0000000712f5c4d8) 
thrown [s\open\src\hotspot\share\classfile\systemDictionary.cpp, line 313]
Event: 0.242 Thread 0x000002087ac1f740 Exception <a 'java/lang/ClassNotFoundException'{0x0000000712f5f338}: com/sun/swing/internal/plaf/metal/resources/spi/metalProvider> (0x0000000712f5f338) 
thrown [s\open\src\hotspot\share\classfile\systemDictionary.cpp, line 313]
Event: 0.243 Thread 0x000002087ac1f740 Exception <a 'java/lang/ClassNotFoundException'{0x0000000712f63098}: com/sun/swing/internal/plaf/basic/resources/spi/basicProvider> (0x0000000712f63098) 
thrown [s\open\src\hotspot\share\classfile\systemDictionary.cpp, line 313]
Event: 0.428 Thread 0x000002081d978390 Exception <a 'java/lang/ClassNotFoundException'{0x0000000712c155d0}: com/sun/swing/internal/plaf/synth/resources/spi/synthProvider> (0x0000000712c155d0) 
thrown [s\open\src\hotspot\share\classfile\systemDictionary.cpp, line 313]
Event: 0.441 Thread 0x000002081d978390 Exception <a 'java/lang/NoSuchMethodError'{0x0000000712c59048}: 'int java.lang.invoke.Invokers$Holder.invokeExact_MT(java.lang.Object, java.lang.Object)'> (0x0000000712c59048) 
thrown [s\open\src\hotspot\share\interpreter\linkResolver.cpp, line 796]
Event: 0.487 Thread 0x000002081d978a20 Exception <a 'java/lang/NoSuchMethodError'{0x0000000712a26018}: 'java.lang.Object java.lang.invoke.DirectMethodHandle$Holder.newInvokeSpecial(java.lang.Object, java.lang.Object, java.lang.Object, int, int, int, int, int)'> (0x0000000712a26018) 
thrown [s\open\src\hotspot\share\interpreter\linkResolver.cpp, line 796]
Event: 0.520 Thread 0x000002087f1ea2a0 Exception <a 'java/lang/NoSuchMethodError'{0x00000007131fa3a0}: 'void java.lang.invoke.DirectMethodHandle$Holder.invokeVirtual(java.lang.Object, java.lang.Object)'> (0x00000007131fa3a0) 
thrown [s\open\src\hotspot\share\interpreter\linkResolver.cpp, line 796]
Event: 0.532 Thread 0x000002081d978390 Exception <a 'java/lang/NoSuchMethodError'{0x00000007127003a8}: 'void java.lang.invoke.DirectMethodHandle$Holder.invokeStaticInit(java.lang.Object)'> (0x00000007127003a8) 
thrown [s\open\src\hotspot\share\interpreter\linkResolver.cpp, line 796]

VM Operations (11 events):
Event: 0.064 Executing VM operation: HandshakeAllThreads (Deoptimize)
Event: 0.064 Executing VM operation: HandshakeAllThreads (Deoptimize) done
Event: 0.112 Executing VM operation: HandshakeAllThreads (Deoptimize)
Event: 0.112 Executing VM operation: HandshakeAllThreads (Deoptimize) done
Event: 0.477 Executing VM operation: HandshakeAllThreads (Deoptimize)
Event: 0.478 Executing VM operation: HandshakeAllThreads (Deoptimize) done
Event: 0.524 Executing VM operation: HandshakeAllThreads (Deoptimize)
Event: 0.524 Executing VM operation: HandshakeAllThreads (Deoptimize) done
Event: 0.543 Executing VM operation: HandshakeAllThreads (Deoptimize)
Event: 0.543 Executing VM operation: HandshakeAllThreads (Deoptimize) done
Event: 9.557 Executing VM operation: Exit

Memory protections (0 events):
No events

Nmethod flushes (0 events):
No events

Events (20 events):
Event: 0.051 Thread 0x000002087ac1f740 Thread added: 0x000002087f1e8860
Event: 0.071 Thread 0x000002087ac1f740 Thread added: 0x000002087f1e9580
Event: 0.131 Thread 0x000002087ac1f740 Thread added: 0x000002087f1e8ef0
Event: 0.132 Thread 0x000002087ac1f740 Thread added: 0x000002087f1e9c10
Event: 0.133 Thread 0x000002087ac1f740 Thread added: 0x000002087f1ea2a0
Event: 0.257 Thread 0x000002087ac1f740 Thread added: 0x000002081d978390
Event: 0.257 Thread 0x000002087ac1f740 Thread exited: 0x000002087ac1f740
Event: 0.257 Thread 0x000002081d9755a0 Thread added: 0x000002081d9755a0
Event: 0.447 Thread 0x000002081d978390 Thread added: 0x000002081d978a20
Event: 0.527 Thread 0x000002087f20bc90 Thread added: 0x000002086b148450
Event: 0.596 Thread 0x000002081d978390 Thread added: 0x000002081d9790b0
Event: 0.790 Thread 0x000002086b148450 Thread exited: 0x000002086b148450
Event: 5.513 Thread 0x000002081d978a20 Thread exited: 0x000002081d978a20
Event: 9.455 Thread 0x000002081d978390 Thread added: 0x000002081d977670
Event: 9.455 Thread 0x000002081d978390 Thread added: 0x000002081d9762c0
Event: 9.455 Thread 0x000002081d977670 Thread exited: 0x000002081d977670
Event: 9.455 Thread 0x000002081d9790b0 Thread exited: 0x000002081d9790b0
Event: 9.491 Thread 0x000002087f1ea2a0 Thread exited: 0x000002087f1ea2a0
Event: 9.556 Thread 0x000002081d9762c0 Thread exited: 0x000002081d9762c0
Event: 9.557 Thread 0x000002081d978390 Before exit entered


Dynamic libraries:
0x00007ff6f83c0000 - 0x00007ff6f83d0000 	C:\Program Files\Java\jdk-23\bin\java.exe
0x00007ff8512a0000 - 0x00007ff851500000 	C:\WINDOWS\SYSTEM32\ntdll.dll
0x00007ff84f620000 - 0x00007ff84f6e7000 	C:\WINDOWS\System32\KERNEL32.DLL
0x00007ff84e640000 - 0x00007ff84ea0b000 	C:\WINDOWS\System32\KERNELBASE.dll
0x00007ff84edc0000 - 0x00007ff84ef0b000 	C:\WINDOWS\System32\ucrtbase.dll
0x00007ff845e80000 - 0x00007ff845e9b000 	C:\Program Files\Java\jdk-23\bin\VCRUNTIME140.dll
0x00007ff802890000 - 0x00007ff8028a7000 	C:\Program Files\Java\jdk-23\bin\jli.dll
0x00007ff84f2d0000 - 0x00007ff84f49c000 	C:\WINDOWS\System32\USER32.dll
0x00007ff84ef10000 - 0x00007ff84ef37000 	C:\WINDOWS\System32\win32u.dll
0x00007ff834730000 - 0x00007ff8349c7000 	C:\WINDOWS\WinSxS\amd64_microsoft.windows.common-controls_6595b64144ccf1df_6.0.26100.3624_none_3e086962e3345f24\COMCTL32.dll
0x00007ff84f070000 - 0x00007ff84f09a000 	C:\WINDOWS\System32\GDI32.dll
0x00007ff84f570000 - 0x00007ff84f619000 	C:\WINDOWS\System32\msvcrt.dll
0x00007ff84e500000 - 0x00007ff84e631000 	C:\WINDOWS\System32\gdi32full.dll
0x00007ff84e450000 - 0x00007ff84e4f3000 	C:\WINDOWS\System32\msvcp_win.dll
0x00007ff84f0a0000 - 0x00007ff84f0cf000 	C:\WINDOWS\System32\IMM32.DLL
0x00007ff8447a0000 - 0x00007ff8447ac000 	C:\Program Files\Java\jdk-23\bin\vcruntime140_1.dll
0x00007ff8094c0000 - 0x00007ff80954e000 	C:\Program Files\Java\jdk-23\bin\msvcp140.dll
0x00007fffa3080000 - 0x00007fffa3dd0000 	C:\Program Files\Java\jdk-23\bin\server\jvm.dll
0x00007ff84fed0000 - 0x00007ff84ff83000 	C:\WINDOWS\System32\ADVAPI32.dll
0x00007ff84f150000 - 0x00007ff84f1f6000 	C:\WINDOWS\System32\sechost.dll
0x00007ff8508e0000 - 0x00007ff8509f6000 	C:\WINDOWS\System32\RPCRT4.dll
0x00007ff84fa10000 - 0x00007ff84fa84000 	C:\WINDOWS\System32\WS2_32.dll
0x00007ff84db30000 - 0x00007ff84db8e000 	C:\WINDOWS\SYSTEM32\POWRPROF.dll
0x00007ff8431d0000 - 0x00007ff8431db000 	C:\WINDOWS\SYSTEM32\VERSION.dll
0x00007ff83ade0000 - 0x00007ff83ae16000 	C:\WINDOWS\SYSTEM32\WINMM.dll
0x00007ff84dae0000 - 0x00007ff84daf4000 	C:\WINDOWS\SYSTEM32\UMPDC.dll
0x00007ff84d180000 - 0x00007ff84d19a000 	C:\WINDOWS\SYSTEM32\kernel.appcore.dll
0x00007ff844740000 - 0x00007ff84474a000 	C:\Program Files\Java\jdk-23\bin\jimage.dll
0x00007ff84bbf0000 - 0x00007ff84be31000 	C:\WINDOWS\SYSTEM32\DBGHELP.DLL
0x00007ff850ea0000 - 0x00007ff851223000 	C:\WINDOWS\System32\combase.dll
0x00007ff850090000 - 0x00007ff850166000 	C:\WINDOWS\System32\OLEAUT32.dll
0x00007ffff2550000 - 0x00007ffff2589000 	C:\WINDOWS\SYSTEM32\dbgcore.DLL
0x00007ff84efd0000 - 0x00007ff84f069000 	C:\WINDOWS\System32\bcryptPrimitives.dll
0x00007ff844750000 - 0x00007ff84476e000 	C:\Program Files\Java\jdk-23\bin\java.dll
0x00007ff84f860000 - 0x00007ff84f9f6000 	C:\WINDOWS\System32\ole32.dll
0x00007ff8501b0000 - 0x00007ff8508d9000 	C:\WINDOWS\System32\SHELL32.dll
0x00007ff84ea10000 - 0x00007ff84eb78000 	C:\WINDOWS\System32\wintypes.dll
0x00007ff84c0d0000 - 0x00007ff84c922000 	C:\WINDOWS\SYSTEM32\windows.storage.dll
0x00007ff84fa90000 - 0x00007ff84fb7d000 	C:\WINDOWS\System32\SHCORE.dll
0x00007ff84f0e0000 - 0x00007ff84f144000 	C:\WINDOWS\System32\shlwapi.dll
0x00007ff84e360000 - 0x00007ff84e38f000 	C:\WINDOWS\SYSTEM32\profapi.dll
0x00007ff83fe80000 - 0x00007ff83ff57000 	C:\Program Files\Java\jdk-23\bin\jsvml.dll
0x00007ff844700000 - 0x00007ff844710000 	C:\Program Files\Java\jdk-23\bin\net.dll
0x00007ff84d720000 - 0x00007ff84d78a000 	C:\WINDOWS\system32\mswsock.dll
0x00007ff844260000 - 0x00007ff844276000 	C:\Program Files\Java\jdk-23\bin\nio.dll
0x00007ffff0080000 - 0x00007ffff020e000 	C:\Program Files\Java\jdk-23\bin\awt.dll
0x00007ff84aeb0000 - 0x00007ff84af4c000 	C:\WINDOWS\SYSTEM32\apphelp.dll
0x00007ff84aff0000 - 0x00007ff84b09e000 	C:\WINDOWS\system32\uxtheme.dll
0x0000000180000000 - 0x0000000188132000 	C:\Program Files (x86)\ASUS\GPUTweakIII\GTIII-OSD\x64\GTIII-OSD64-VK.dll
0x00007fffe43b0000 - 0x00007fffe4516000 	C:\WINDOWS\SYSTEM32\vulkan-1.dll
0x00007ff84e0b0000 - 0x00007ff84e10f000 	C:\WINDOWS\SYSTEM32\CFGMGR32.dll
0x00007ff84b400000 - 0x00007ff84b52e000 	C:\WINDOWS\system32\dxgi.dll
0x00007ff84b320000 - 0x00007ff84b37e000 	C:\WINDOWS\SYSTEM32\directxdatabasehelper.dll
0x00007ff84fb80000 - 0x00007ff84fcdd000 	C:\WINDOWS\System32\MSCTF.dll
0x00007ff84b640000 - 0x00007ff84b675000 	C:\WINDOWS\system32\DWMAPI.DLL
0x00007ff8044f0000 - 0x00007ff804577000 	C:\Program Files\Java\jdk-23\bin\freetype.dll
0x00007ff8000e0000 - 0x00007ff8001b7000 	C:\Program Files\Java\jdk-23\bin\fontmanager.dll
0x00007ff83f5e0000 - 0x00007ff83f6ec000 	C:\WINDOWS\system32\opengl32.dll
0x00007ff83f570000 - 0x00007ff83f59d000 	C:\WINDOWS\SYSTEM32\GLU32.dll
0x00007ff84b1f0000 - 0x00007ff84b237000 	C:\WINDOWS\SYSTEM32\dxcore.dll
0x00007ff84dc50000 - 0x00007ff84dc63000 	C:\WINDOWS\SYSTEM32\msasn1.dll
0x00007ff843190000 - 0x00007ff8431cb000 	C:\WINDOWS\SYSTEM32\cryptnet.dll
0x00007ff84eb80000 - 0x00007ff84ecf7000 	C:\WINDOWS\System32\CRYPT32.dll
0x00007ff84d9c0000 - 0x00007ff84d9cc000 	C:\WINDOWS\SYSTEM32\cryptbase.dll
0x00007ff84da80000 - 0x00007ff84dadd000 	C:\WINDOWS\SYSTEM32\wldp.dll
0x00007ff842fc0000 - 0x00007ff84313c000 	C:\WINDOWS\SYSTEM32\drvstore.dll
0x00007ff84e120000 - 0x00007ff84e14d000 	C:\WINDOWS\SYSTEM32\devobj.dll
0x00007ff84ef40000 - 0x00007ff84efbf000 	C:\WINDOWS\System32\wintrust.dll
0x00007ff850180000 - 0x00007ff8501a0000 	C:\WINDOWS\System32\imagehlp.dll
0x00007ff84dbf0000 - 0x00007ff84dc0c000 	C:\WINDOWS\SYSTEM32\CRYPTSP.dll
0x00007ff84d1a0000 - 0x00007ff84d1da000 	C:\WINDOWS\system32\rsaenh.dll
0x00007ff84dd80000 - 0x00007ff84dda6000 	C:\WINDOWS\SYSTEM32\bcrypt.dll
0x00007ff84d790000 - 0x00007ff84d7b7000 	C:\WINDOWS\SYSTEM32\gpapi.dll
0x00007ff801d30000 - 0x00007ff801e85000 	C:\WINDOWS\System32\DriverStore\FileRepository\nvacsi.inf_amd64_0a43d2244c4f8cff\nvppex.dll
0x00007ff840e10000 - 0x00007ff840e27000 	C:\Program Files\Java\jdk-23\bin\zip.dll
0x00007ff833050000 - 0x00007ff833199000 	C:\WINDOWS\SYSTEM32\textinputframework.dll
0x00007ff8447b0000 - 0x00007ff84481b000 	C:\WINDOWS\system32\Oleacc.dll
0x00007ff84f200000 - 0x00007ff84f2a8000 	C:\WINDOWS\System32\clbcatq.dll
0x00007ff84aa80000 - 0x00007ff84aba6000 	C:\WINDOWS\SYSTEM32\CoreMessaging.dll
0x00007ff845440000 - 0x00007ff845723000 	C:\WINDOWS\SYSTEM32\CoreUIComponents.dll
0x000002086bcd0000 - 0x0000020873f1f000 	C:\Program Files (x86)\ASUS\GPUTweakIII\GTIII-OSD\x64\GTIII-OSD64.dll
0x00007ff80a840000 - 0x00007ff80aaa3000 	C:\WINDOWS\SYSTEM32\d3dx9_43.dll
0x00007ff833280000 - 0x00007ff8332a3000 	C:\WINDOWS\SYSTEM32\d3d12.dll
0x00007ff83f5a0000 - 0x00007ff83f5d4000 	C:\WINDOWS\SYSTEM32\d3d10_1.dll
0x00007ff8488e0000 - 0x00007ff848d5f000 	C:\WINDOWS\SYSTEM32\D3DCOMPILER_47.dll
0x00007ff83f4a0000 - 0x00007ff83f4ae000 	C:\WINDOWS\SYSTEM32\d3d10_1core.dll
0x00007ff849bd0000 - 0x00007ff849e36000 	C:\WINDOWS\SYSTEM32\d3d11.dll
0x000002087f220000 - 0x000002088733c000 	C:\Program Files (x86)\ASUS\GPUTweakIII\GTIII-OSD\x64\GTIII-OSD64-GL.dll
0x00007ff850170000 - 0x00007ff850178000 	C:\WINDOWS\System32\PSAPI.DLL
0x000000006bfe0000 - 0x000000006c043000 	C:\Program Files (x86)\ASUS\GPUTweakIII\GTIII-OSD\x64\glew32.dll

dbghelp: loaded successfully - version: 4.0.5 - missing functions: none
symbol engine: initialized successfully - sym options: 0x614 - pdb path: .;C:\Program Files\Java\jdk-23\bin;C:\WINDOWS\SYSTEM32;C:\WINDOWS\WinSxS\amd64_microsoft.windows.common-controls_6595b64144ccf1df_6.0.26100.3624_none_3e086962e3345f24;C:\Program Files\Java\jdk-23\bin\server;C:\Program Files (x86)\ASUS\GPUTweakIII\GTIII-OSD\x64;C:\WINDOWS\System32\DriverStore\FileRepository\nvacsi.inf_amd64_0a43d2244c4f8cff;C:\WINDOWS\System32\DriverStore\FileRepository\iigd_dch.inf_amd64_5802b1615520e41c

VM Arguments:
jvm_args: -Dfile.encoding=UTF-8 --module-path=S:\Projeto-Java\Login\build\classes 
java_command: br.com.login.view.LoginView
java_class_path (initial): S:\Projeto-Java\Login\build\classes
Launcher Type: SUN_STANDARD

[Global flags]
     intx CICompilerCount                          = 4                                         {product} {ergonomic}
     uint ConcGCThreads                            = 3                                         {product} {ergonomic}
     uint G1ConcRefinementThreads                  = 10                                        {product} {ergonomic}
   size_t G1HeapRegionSize                         = 2097152                                   {product} {ergonomic}
   size_t InitialHeapSize                          = 266338304                                 {product} {ergonomic}
   size_t MarkStackSize                            = 4194304                                   {product} {ergonomic}
   size_t MarkStackSizeMax                         = 536870912                                 {product} {ergonomic}
   size_t MaxHeapSize                              = 4238344192                                {product} {ergonomic}
   size_t MaxNewSize                               = 2541748224                                {product} {ergonomic}
   size_t MinHeapDeltaBytes                        = 2097152                                   {product} {ergonomic}
   size_t MinHeapSize                              = 8388608                                   {product} {ergonomic}
    uintx NonNMethodCodeHeapSize                   = 5832704                                {pd product} {ergonomic}
    uintx NonProfiledCodeHeapSize                  = 122945536                              {pd product} {ergonomic}
    uintx ProfiledCodeHeapSize                     = 122880000                              {pd product} {ergonomic}
    uintx ReservedCodeCacheSize                    = 251658240                              {pd product} {ergonomic}
     bool SegmentedCodeCache                       = true                                      {product} {ergonomic}
   size_t SoftMaxHeapSize                          = 4238344192                             {manageable} {ergonomic}
     bool UseCompressedOops                        = true                           {product lp64_product} {ergonomic}
     bool UseG1GC                                  = true                                      {product} {ergonomic}
     bool UseLargePagesIndividualAllocation        = false                                  {pd product} {ergonomic}

Logging:
Log output configuration:
 #0: stdout all=off uptime,level,tags foldmultilines=false
 #1: stderr all=off uptime,level,tags foldmultilines=false

Environment Variables:
PATH=C:\Program Files\Common Files\Oracle\Java\javapath;C:\WINDOWS\system32;C:\WINDOWS;C:\WINDOWS\System32\Wbem;C:\WINDOWS\System32\WindowsPowerShell\v1.0\;C:\WINDOWS\System32\OpenSSH\;C:\Program Files\Git\cmd;C:\Users\yasmi\AppData\Local\Microsoft\WindowsApps;
USERNAME=yasmi
OS=Windows_NT
PROCESSOR_IDENTIFIER=Intel64 Family 6 Model 141 Stepping 1, GenuineIntel
TMP=C:\Users\yasmi\AppData\Local\Temp
TEMP=C:\Users\yasmi\AppData\Local\Temp




Periodic native trim disabled

---------------  S Y S T E M  ---------------

OS:
 Windows 11 , 64 bit Build 26100 (10.0.26100.3624)
OS uptime: 1 days 2:47 hours
Hyper-V role detected

CPU: total 12 (initial active 12) (6 cores per cpu, 2 threads per core) family 6 model 141 stepping 1 microcode 0x3c, cx8, cmov, fxsr, ht, mmx, 3dnowpref, sse, sse2, sse3, ssse3, sse4.1, sse4.2, popcnt, lzcnt, tsc, tscinvbit, avx, avx2, aes, erms, clmul, bmi1, bmi2, adx, avx512f, avx512dq, avx512cd, avx512bw, avx512vl, sha, fma, vzeroupper, avx512_vpopcntdq, avx512_vpclmulqdq, avx512_vaes, avx512_vnni, clflush, clflushopt, clwb, avx512_vbmi2, avx512_vbmi, hv, rdtscp, rdpid, fsrm, gfni, avx512_bitalg, f16c, cet_ibt, cet_ss, avx512_ifma
Processor Information for the first 12 processors :
  Max Mhz: 2688, Current Mhz: 2688, Mhz Limit: 2688

Memory: 4k page, system-wide physical 16163M (7616M free)
TotalPageFile size 24355M (AvailPageFile size 8622M)
current process WorkingSet (physical memory assigned to process): 97M, peak: 123M
current process commit charge ("private bytes"): 775M, peak: 813M

vm_info: Java HotSpot(TM) 64-Bit Server VM (23.0.2+7-58) for windows-amd64 JRE (23.0.2+7-58), built on 2024-11-29T09:34:55Z with MS VC++ 17.6 (VS2022)

END.
